[2025-10-28T15:18:05.022+0300][info][gc] Using G1
[2025-10-28T15:18:09.952+0300][info][gc] GC(0) Pause Young (Normal) (G1 Evacuation Pause) 4M->2M(12M) 4.379ms
[2025-10-28T15:18:09.987+0300][info][gc] GC(1) Pause Young (Normal) (G1 Evacuation Pause) 3M->2M(12M) 2.530ms
[2025-10-28T15:18:10.006+0300][info][gc] GC(2) Pause Young (Normal) (G1 Evacuation Pause) 3M->2M(12M) 1.191ms
[2025-10-28T15:18:10.060+0300][info][gc] GC(3) Pause Young (Normal) (G1 Evacuation Pause) 4M->2M(12M) 1.261ms
[2025-10-28T15:18:10.118+0300][info][gc] GC(4) Pause Young (Normal) (G1 Evacuation Pause) 4M->2M(12M) 1.721ms
[2025-10-28T15:18:10.162+0300][info][gc] GC(5) Pause Young (Normal) (G1 Evacuation Pause) 5M->3M(12M) 1.414ms
[2025-10-28T15:18:11.092+0300][info][gc] GC(6) Pause Young (Normal) (G1 Evacuation Pause) 6M->3M(12M) 1.396ms
[2025-10-28T15:18:11.353+0300][info][gc] GC(7) Pause Young (Normal) (G1 Evacuation Pause) 6M->4M(12M) 2.573ms
[2025-10-28T15:18:11.458+0300][info][gc] GC(8) Pause Young (Normal) (G1 Evacuation Pause) 6M->4M(12M) 4.037ms
[2025-10-28T15:18:22.581+0300][info][gc] GC(9) Pause Young (Normal) (G1 Evacuation Pause) 6M->4M(12M) 3.764ms
[2025-10-28T15:18:24.868+0300][info][gc] GC(10) Pause Young (Concurrent Start) (G1 Humongous Allocation) 5M->4M(12M) 1.609ms
[2025-10-28T15:18:24.868+0300][info][gc] GC(11) Concurrent Undo Cycle
[2025-10-28T15:18:24.868+0300][info][gc] GC(11) Concurrent Undo Cycle 0.132ms
[2025-10-28T15:18:42.759+0300][info][gc] GC(12) Pause Young (Normal) (G1 Evacuation Pause) 7M->5M(12M) 3.700ms
[2025-10-28T15:18:59.922+0300][info][gc] GC(13) Pause Young (Concurrent Start) (G1 Evacuation Pause) 7M->5M(12M) 4.304ms
[2025-10-28T15:18:59.922+0300][info][gc] GC(14) Concurrent Mark Cycle
[2025-10-28T15:18:59.942+0300][info][gc] GC(14) Pause Remark 5M->5M(12M) 7.446ms
[2025-10-28T15:18:59.949+0300][info][gc] GC(14) Pause Cleanup 5M->5M(12M) 0.147ms
[2025-10-28T15:18:59.950+0300][info][gc] GC(14) Concurrent Mark Cycle 27.217ms
[2025-10-28T15:19:01.197+0300][info][gc] GC(15) Pause Young (Prepare Mixed) (G1 Evacuation Pause) 8M->6M(12M) 1.836ms
[2025-10-28T15:19:01.204+0300][info][gc] GC(16) Pause Young (Mixed) (G1 Evacuation Pause) 7M->6M(12M) 2.588ms
[2025-10-28T15:19:01.230+0300][info][gc] GC(17) Pause Young (Concurrent Start) (G1 Evacuation Pause) 8M->6M(12M) 1.524ms
[2025-10-28T15:19:01.230+0300][info][gc] GC(18) Concurrent Mark Cycle
[2025-10-28T15:19:01.235+0300][info][gc] GC(19) Pause Young (Normal) (G1 Evacuation Pause) 8M->6M(12M) 1.270ms
[2025-10-28T15:19:01.239+0300][info][gc] GC(18) Pause Remark 7M->7M(12M) 1.967ms
[2025-10-28T15:19:01.241+0300][info][gc] GC(20) Pause Young (Normal) (G1 Evacuation Pause) 8M->6M(12M) 1.274ms
[2025-10-28T15:19:01.242+0300][info][gc] GC(18) Pause Cleanup 6M->6M(12M) 0.053ms
[2025-10-28T15:19:01.242+0300][info][gc] GC(18) Concurrent Mark Cycle 11.777ms
[2025-10-28T15:19:01.243+0300][info][gc] GC(21) Pause Young (Normal) (G1 Evacuation Pause) 7M->6M(12M) 0.736ms
[2025-10-28T15:19:01.245+0300][info][gc] GC(22) Pause Young (Concurrent Start) (G1 Evacuation Pause) 7M->6M(12M) 0.624ms
[2025-10-28T15:19:01.245+0300][info][gc] GC(23) Concurrent Mark Cycle
[2025-10-28T15:19:01.247+0300][info][gc] GC(24) Pause Young (Normal) (G1 Evacuation Pause) 7M->6M(12M) 0.567ms
[2025-10-28T15:19:01.249+0300][info][gc] GC(25) Pause Young (Normal) (G1 Evacuation Pause) 7M->6M(12M) 0.410ms
[2025-10-28T15:19:01.253+0300][info][gc] GC(23) Pause Remark 7M->7M(12M) 3.039ms
[2025-10-28T15:19:01.254+0300][info][gc] GC(26) Pause Young (Normal) (G1 Evacuation Pause) 7M->6M(12M) 0.502ms
[2025-10-28T15:19:01.255+0300][info][gc] GC(23) Pause Cleanup 7M->7M(12M) 0.025ms
[2025-10-28T15:19:01.256+0300][info][gc] GC(23) Concurrent Mark Cycle 10.422ms
[2025-10-28T15:19:01.256+0300][info][gc] GC(27) Pause Young (Normal) (G1 Evacuation Pause) 7M->6M(12M) 0.397ms
[2025-10-28T15:19:01.258+0300][info][gc] GC(28) Pause Young (Concurrent Start) (G1 Evacuation Pause) 7M->6M(12M) 0.381ms
[2025-10-28T15:19:01.258+0300][info][gc] GC(29) Concurrent Mark Cycle
[2025-10-28T15:19:01.259+0300][info][gc] GC(30) Pause Young (Normal) (G1 Evacuation Pause) 7M->6M(12M) 0.290ms
[2025-10-28T15:19:01.261+0300][info][gc] GC(31) Pause Young (Normal) (G1 Evacuation Pause) 7M->6M(12M) 0.250ms
[2025-10-28T15:19:01.262+0300][info][gc] GC(32) Pause Young (Normal) (G1 Evacuation Pause) 7M->6M(12M) 0.250ms
[2025-10-28T15:19:01.265+0300][info][gc] GC(29) Pause Remark 7M->7M(12M) 2.646ms
[2025-10-28T15:19:01.267+0300][info][gc] GC(33) Pause Young (Normal) (G1 Evacuation Pause) 7M->6M(12M) 0.322ms
[2025-10-28T15:19:01.267+0300][info][gc] GC(29) Pause Cleanup 7M->7M(12M) 0.023ms
[2025-10-28T15:19:01.267+0300][info][gc] GC(29) Concurrent Mark Cycle 9.754ms
[2025-10-28T15:19:01.269+0300][info][gc] GC(34) Pause Young (Normal) (G1 Evacuation Pause) 7M->6M(12M) 0.266ms
[2025-10-28T15:19:01.270+0300][info][gc] GC(35) Pause Young (Concurrent Start) (G1 Evacuation Pause) 7M->6M(12M) 0.390ms
[2025-10-28T15:19:01.270+0300][info][gc] GC(36) Concurrent Mark Cycle
[2025-10-28T15:19:01.272+0300][info][gc] GC(37) Pause Young (Normal) (G1 Evacuation Pause) 7M->6M(12M) 0.291ms
[2025-10-28T15:19:01.273+0300][info][gc] GC(38) Pause Young (Normal) (G1 Evacuation Pause) 7M->7M(12M) 0.262ms
[2025-10-28T15:19:01.275+0300][info][gc] GC(39) Pause Young (Normal) (G1 Evacuation Pause) 8M->7M(12M) 0.265ms
[2025-10-28T15:19:01.277+0300][info][gc] GC(36) Pause Remark 7M->7M(12M) 1.776ms
[2025-10-28T15:19:01.279+0300][info][gc] GC(40) Pause Young (Normal) (G1 Evacuation Pause) 8M->7M(12M) 0.335ms
[2025-10-28T15:19:01.279+0300][info][gc] GC(36) Pause Cleanup 7M->7M(12M) 0.111ms
[2025-10-28T15:19:01.279+0300][info][gc] GC(36) Concurrent Mark Cycle 8.717ms
[2025-10-28T15:19:01.281+0300][info][gc] GC(41) Pause Young (Concurrent Start) (G1 Humongous Allocation) 7M->7M(12M) 0.633ms
[2025-10-28T15:19:01.281+0300][info][gc] GC(42) Concurrent Mark Cycle
[2025-10-28T15:19:01.287+0300][info][gc] GC(42) Pause Remark 8M->8M(12M) 1.833ms
[2025-10-28T15:19:01.288+0300][info][gc] GC(42) Pause Cleanup 8M->8M(12M) 0.088ms
[2025-10-28T15:19:01.288+0300][info][gc] GC(42) Concurrent Mark Cycle 7.397ms
[2025-10-28T15:19:10.016+0300][info][gc] GC(43) Pause Young (Normal) (G1 Evacuation Pause) 9M->5M(12M) 2.016ms
[2025-10-28T15:19:19.094+0300][info][gc] GC(44) Pause Young (Concurrent Start) (G1 Evacuation Pause) 6M->5M(12M) 1.747ms
[2025-10-28T15:19:19.094+0300][info][gc] GC(45) Concurrent Mark Cycle
[2025-10-28T15:19:19.114+0300][info][gc] GC(45) Pause Remark 5M->5M(12M) 7.539ms
[2025-10-28T15:19:19.121+0300][info][gc] GC(45) Pause Cleanup 5M->5M(12M) 0.129ms
[2025-10-28T15:19:19.122+0300][info][gc] GC(45) Concurrent Mark Cycle 27.698ms
[2025-10-28T15:19:27.153+0300][info][gc] GC(46) Pause Young (Normal) (G1 Evacuation Pause) 6M->5M(12M) 1.961ms
[2025-10-28T15:19:45.328+0300][info][gc] GC(47) Pause Young (Concurrent Start) (G1 Evacuation Pause) 7M->5M(12M) 1.992ms
[2025-10-28T15:19:45.328+0300][info][gc] GC(48) Concurrent Mark Cycle
[2025-10-28T15:19:45.348+0300][info][gc] GC(48) Pause Remark 5M->5M(12M) 7.542ms
[2025-10-28T15:19:45.352+0300][info][gc] GC(48) Pause Cleanup 5M->5M(12M) 0.103ms
[2025-10-28T15:19:45.352+0300][info][gc] GC(48) Concurrent Mark Cycle 23.572ms
[2025-10-28T15:20:01.590+0300][info][gc] GC(49) Pause Young (Concurrent Start) (G1 Humongous Allocation) 7M->5M(12M) 0.923ms
[2025-10-28T15:20:01.590+0300][info][gc] GC(50) Concurrent Mark Cycle
[2025-10-28T15:20:01.599+0300][info][gc] GC(50) Pause Remark 6M->6M(12M) 3.896ms
[2025-10-28T15:20:01.601+0300][info][gc] GC(50) Pause Cleanup 6M->6M(12M) 0.064ms
[2025-10-28T15:20:01.601+0300][info][gc] GC(50) Concurrent Mark Cycle 11.366ms
[2025-10-28T15:20:16.532+0300][info][gc] GC(51) Pause Young (Normal) (G1 Evacuation Pause) 8M->6M(12M) 2.393ms
[2025-10-28T15:20:23.570+0300][info][gc] GC(52) Pause Young (Concurrent Start) (G1 Evacuation Pause) 7M->6M(12M) 1.942ms
[2025-10-28T15:20:23.570+0300][info][gc] GC(53) Concurrent Mark Cycle
[2025-10-28T15:20:23.580+0300][info][gc] GC(53) Pause Remark 6M->6M(12M) 4.471ms
[2025-10-28T15:20:23.585+0300][info][gc] GC(53) Pause Cleanup 6M->6M(12M) 0.044ms
[2025-10-28T15:20:23.585+0300][info][gc] GC(53) Concurrent Mark Cycle 14.485ms
[2025-10-28T15:20:32.601+0300][info][gc] GC(54) Pause Young (Normal) (G1 Evacuation Pause) 7M->6M(12M) 0.775ms
[2025-10-28T15:20:40.621+0300][info][gc] GC(55) Pause Young (Concurrent Start) (G1 Evacuation Pause) 7M->6M(12M) 1.788ms
[2025-10-28T15:20:40.621+0300][info][gc] GC(56) Concurrent Mark Cycle
[2025-10-28T15:20:40.642+0300][info][gc] GC(56) Pause Remark 6M->6M(12M) 4.319ms
[2025-10-28T15:20:40.645+0300][info][gc] GC(56) Pause Cleanup 6M->6M(12M) 0.052ms
[2025-10-28T15:20:40.645+0300][info][gc] GC(56) Concurrent Mark Cycle 23.510ms
[2025-10-28T15:20:49.648+0300][info][gc] GC(57) Pause Young (Normal) (G1 Evacuation Pause) 7M->6M(12M) 1.950ms
[2025-10-28T15:20:57.676+0300][info][gc] GC(58) Pause Young (Concurrent Start) (G1 Evacuation Pause) 7M->6M(12M) 1.700ms
[2025-10-28T15:20:57.677+0300][info][gc] GC(59) Concurrent Mark Cycle
[2025-10-28T15:20:57.687+0300][info][gc] GC(59) Pause Remark 6M->6M(12M) 5.901ms
[2025-10-28T15:20:57.694+0300][info][gc] GC(59) Pause Cleanup 6M->6M(12M) 0.136ms
[2025-10-28T15:20:57.695+0300][info][gc] GC(59) Concurrent Mark Cycle 17.970ms
[2025-10-28T15:21:06.721+0300][info][gc] GC(60) Pause Young (Normal) (G1 Evacuation Pause) 7M->6M(12M) 2.182ms
[2025-10-28T15:21:15.745+0300][info][gc] GC(61) Pause Young (Concurrent Start) (G1 Evacuation Pause) 7M->6M(12M) 1.682ms
[2025-10-28T15:21:15.745+0300][info][gc] GC(62) Concurrent Mark Cycle
[2025-10-28T15:21:15.755+0300][info][gc] GC(62) Pause Remark 6M->6M(12M) 2.769ms
[2025-10-28T15:21:15.757+0300][info][gc] GC(62) Pause Cleanup 6M->6M(12M) 0.088ms
[2025-10-28T15:21:15.757+0300][info][gc] GC(62) Concurrent Mark Cycle 11.552ms
[2025-10-28T15:21:23.785+0300][info][gc] GC(63) Pause Young (Normal) (G1 Evacuation Pause) 7M->6M(12M) 1.411ms
[2025-10-28T15:21:32.825+0300][info][gc] GC(64) Pause Young (Concurrent Start) (G1 Evacuation Pause) 7M->6M(12M) 1.606ms
[2025-10-28T15:21:32.825+0300][info][gc] GC(65) Concurrent Mark Cycle
[2025-10-28T15:21:32.841+0300][info][gc] GC(65) Pause Remark 6M->6M(12M) 5.294ms
[2025-10-28T15:21:32.843+0300][info][gc] GC(65) Pause Cleanup 6M->6M(12M) 0.051ms
[2025-10-28T15:21:32.843+0300][info][gc] GC(65) Concurrent Mark Cycle 18.206ms
[2025-10-28T15:21:41.846+0300][info][gc] GC(66) Pause Young (Normal) (G1 Evacuation Pause) 7M->6M(12M) 1.910ms
[2025-10-28T15:21:50.907+0300][info][gc] GC(67) Pause Young (Concurrent Start) (G1 Evacuation Pause) 7M->6M(12M) 1.183ms
[2025-10-28T15:21:50.907+0300][info][gc] GC(68) Concurrent Mark Cycle
[2025-10-28T15:21:50.926+0300][info][gc] GC(68) Pause Remark 6M->6M(12M) 5.372ms
[2025-10-28T15:21:50.931+0300][info][gc] GC(68) Pause Cleanup 6M->6M(12M) 0.058ms
[2025-10-28T15:21:50.931+0300][info][gc] GC(68) Concurrent Mark Cycle 24.797ms
[2025-10-28T15:21:59.993+0300][info][gc] GC(69) Pause Young (Normal) (G1 Evacuation Pause) 7M->5M(12M) 2.359ms
[2025-10-28T15:22:02.728+0300][info][gc] GC(70) Pause Young (Concurrent Start) (G1 Humongous Allocation) 6M->5M(12M) 0.909ms
[2025-10-28T15:22:02.728+0300][info][gc] GC(71) Concurrent Mark Cycle
[2025-10-28T15:22:02.735+0300][info][gc] GC(71) Pause Remark 6M->6M(12M) 2.321ms
[2025-10-28T15:22:02.737+0300][info][gc] GC(71) Pause Cleanup 6M->6M(12M) 0.085ms
[2025-10-28T15:22:02.737+0300][info][gc] GC(71) Concurrent Mark Cycle 8.974ms
[2025-10-28T15:22:21.157+0300][info][gc] GC(72) Pause Young (Normal) (G1 Evacuation Pause) 8M->5M(12M) 2.219ms