[2025-10-28T15:25:10.543+0300][info][gc] Using The Z Garbage Collector
[2025-10-28T15:25:10.702+0300][info][gc] GC(0) Garbage Collection (Warmup) 4M(17%)->4M(17%)
[2025-10-28T15:25:15.713+0300][info][gc] GC(1) Garbage Collection (Warmup) 8M(33%)->6M(25%)
[2025-10-28T15:25:15.808+0300][info][gc] GC(2) Garbage Collection (Warmup) 8M(33%)->8M(33%)
[2025-10-28T15:25:15.937+0300][info][gc] GC(3) Garbage Collection (Allocation Rate) 14M(58%)->8M(33%)
[2025-10-28T15:25:16.004+0300][info][gc] GC(4) Garbage Collection (Allocation Rate) 10M(42%)->8M(33%)
[2025-10-28T15:25:16.104+0300][info][gc] GC(5) Garbage Collection (Allocation Rate) 8M(33%)->6M(25%)
[2025-10-28T15:25:16.197+0300][info][gc] GC(6) Garbage Collection (Allocation Rate) 8M(33%)->6M(25%)
[2025-10-28T15:25:16.292+0300][info][gc] GC(7) Garbage Collection (Allocation Rate) 8M(33%)->6M(25%)
[2025-10-28T15:25:16.406+0300][info][gc] GC(8) Garbage Collection (Allocation Rate) 8M(33%)->6M(25%)
[2025-10-28T15:25:17.509+0300][info][gc] GC(9) Garbage Collection (Proactive) 12M(50%)->8M(33%)
[2025-10-28T15:25:19.711+0300][info][gc] GC(10) Garbage Collection (Proactive) 12M(50%)->10M(42%)
[2025-10-28T15:25:28.502+0300][info][gc] GC(11) Garbage Collection (Proactive) 14M(58%)->12M(50%)
[2025-10-28T15:25:50.027+0300][info][gc] GC(12) Garbage Collection (Proactive) 16M(67%)->10M(42%)
[2025-10-28T15:26:01.785+0300][info][gc] Allocation Stall (main) 18.328ms
[2025-10-28T15:26:01.786+0300][info][gc] GC(13) Garbage Collection (Allocation Stall) 24M(100%)->14M(58%)
[2025-10-28T15:26:01.814+0300][info][gc] Allocation Stall (main) 15.390ms
[2025-10-28T15:26:01.815+0300][info][gc] GC(14) Garbage Collection (Allocation Stall) 24M(100%)->16M(67%)
[2025-10-28T15:26:01.919+0300][info][gc] GC(15) Garbage Collection (Allocation Rate) 24M(100%)->8M(33%)
[2025-10-28T15:26:02.006+0300][info][gc] GC(16) Garbage Collection (Allocation Rate) 8M(33%)->10M(42%)
[2025-10-28T15:26:02.114+0300][info][gc] GC(17) Garbage Collection (Allocation Rate) 10M(42%)->10M(42%)
[2025-10-28T15:26:02.224+0300][info][gc] GC(18) Garbage Collection (Allocation Rate) 10M(42%)->10M(42%)
[2025-10-28T15:26:02.334+0300][info][gc] GC(19) Garbage Collection (Allocation Rate) 10M(42%)->10M(42%)
[2025-10-28T15:26:02.428+0300][info][gc] GC(20) Garbage Collection (Allocation Rate) 10M(42%)->10M(42%)
[2025-10-28T15:26:02.529+0300][info][gc] GC(21) Garbage Collection (Allocation Rate) 10M(42%)->10M(42%)
[2025-10-28T15:26:02.625+0300][info][gc] GC(22) Garbage Collection (Allocation Rate) 10M(42%)->10M(42%)
[2025-10-28T15:26:02.925+0300][info][gc] GC(23) Garbage Collection (Allocation Rate) 10M(42%)->10M(42%)
[2025-10-28T15:26:03.035+0300][info][gc] GC(24) Garbage Collection (Allocation Rate) 10M(42%)->12M(50%)
[2025-10-28T15:26:03.102+0300][info][gc] GC(25) Garbage Collection (Allocation Rate) 12M(50%)->10M(42%)
[2025-10-28T15:26:03.217+0300][info][gc] GC(26) Garbage Collection (Allocation Rate) 10M(42%)->10M(42%)
[2025-10-28T15:26:03.324+0300][info][gc] GC(27) Garbage Collection (Allocation Rate) 10M(42%)->10M(42%)
[2025-10-28T15:26:03.421+0300][info][gc] GC(28) Garbage Collection (Allocation Rate) 10M(42%)->10M(42%)
[2025-10-28T15:26:03.522+0300][info][gc] GC(29) Garbage Collection (Allocation Rate) 10M(42%)->10M(42%)
[2025-10-28T15:26:03.623+0300][info][gc] GC(30) Garbage Collection (Allocation Rate) 10M(42%)->10M(42%)
[2025-10-28T15:26:15.236+0300][info][gc] GC(31) Garbage Collection (Proactive) 14M(58%)->10M(42%)
[2025-10-28T15:26:27.335+0300][info][gc] GC(32) Garbage Collection (Proactive) 14M(58%)->10M(42%)
[2025-10-28T15:26:38.435+0300][info][gc] GC(33) Garbage Collection (Proactive) 14M(58%)->10M(42%)
[2025-10-28T15:26:48.524+0300][info][gc] GC(34) Garbage Collection (Proactive) 14M(58%)->10M(42%)
[2025-10-28T15:27:00.629+0300][info][gc] GC(35) Garbage Collection (Proactive) 14M(58%)->10M(42%)
[2025-10-28T15:27:03.029+0300][info][gc] GC(36) Garbage Collection (Proactive) 14M(58%)->12M(50%)
[2025-10-28T15:27:16.702+0300][info][gc] GC(37) Garbage Collection (Proactive) 16M(67%)->12M(50%)
[2025-10-28T15:27:28.719+0300][info][gc] GC(38) Garbage Collection (Proactive) 16M(67%)->12M(50%)
[2025-10-28T15:27:42.817+0300][info][gc] GC(39) Garbage Collection (Proactive) 16M(67%)->12M(50%)
[2025-10-28T15:27:56.917+0300][info][gc] GC(40) Garbage Collection (Proactive) 16M(67%)->12M(50%)
[2025-10-28T15:28:11.011+0300][info][gc] GC(41) Garbage Collection (Proactive) 16M(67%)->12M(50%)
[2025-10-28T15:28:25.118+0300][info][gc] GC(42) Garbage Collection (Proactive) 16M(67%)->12M(50%)
[2025-10-28T15:28:39.121+0300][info][gc] GC(43) Garbage Collection (Proactive) 16M(67%)->12M(50%)
[2025-10-28T15:28:51.222+0300][info][gc] GC(44) Garbage Collection (Proactive) 16M(67%)->10M(42%)
[2025-10-28T15:29:01.415+0300][info][gc] GC(45) Garbage Collection (Proactive) 14M(58%)->12M(50%)
[2025-10-28T15:29:11.425+0300][info][gc] GC(46) Garbage Collection (Proactive) 16M(67%)->10M(42%)
[2025-10-28T15:29:25.512+0300][info][gc] GC(47) Garbage Collection (Proactive) 14M(58%)->10M(42%)